[debug] [2026-08-22T13:46:57.451Z] [Firebase Plugin] Activating Firebase extension.
[debug] [2026-08-22T13:47:48.612Z] [Firebase Plugin] requireAuthWrapper
[debug] [2026-08-22T13:47:48.617Z] > command requires scopes: ["email","openid","https://www.googleapis.com/auth/cloudplatformprojects.readonly","https://www.googleapis.com/auth/firebase","https://www.googleapis.com/auth/cloud-platform"]
[debug] [2026-08-22T13:47:48.618Z] > authorizing via signed-in user (ashrafkrai@gmail.com)
[debug] [2026-08-22T13:47:48.661Z] Checked if tokens are valid: false, expires at: 1787405714337
[debug] [2026-08-22T13:47:48.662Z] Checked if tokens are valid: false, expires at: 1787405714337
[debug] [2026-08-22T13:47:48.663Z] > refreshing access token with scopes: []
[debug] [2026-08-22T13:47:48.681Z] >>> [apiv2][query] POST https://www.googleapis.com/oauth2/v3/token [none]
[debug] [2026-08-22T13:47:48.681Z] >>> [apiv2][body] POST https://www.googleapis.com/oauth2/v3/token [omitted]
[debug] [2026-08-22T13:47:48.732Z] [Firebase Plugin] VSCode notification server listening on port 40001
[info] [Firebase Plugin] Starting SQL Connect toolkit (version 3.4.16) on port 50001
[debug] [2026-08-22T13:47:51.558Z] 'fdc build' failed with error: Unable to build your SQL Connect schema and connectors (exit code 1): E0822 21:47:51.490950   13828 cmd.go:43] Error loading data connect config: could not find dataconnect.yaml in `c:\Users\RAM1\Documents\Portal-kehadiran-\dataconnect`
 {"metadata":{"emulator":{"name":"dataconnect"},"message":"'fdc build' failed with error: Unable to build your SQL Connect schema and connectors (exit code 1): E0822 21:47:51.490950   13828 cmd.go:43] Error loading data connect config: could not find dataconnect.yaml in `c:\\Users\\RAM1\\Documents\\Portal-kehadiran-\\dataconnect`\n"}}
[debug] [2026-08-22T13:47:51.560Z] Ignoring unsupported arg: auto_download {"metadata":{"emulator":{"name":"dataconnect"},"message":"Ignoring unsupported arg: auto_download"}}
[debug] [2026-08-22T13:47:51.560Z] Ignoring unsupported arg: port {"metadata":{"emulator":{"name":"dataconnect"},"message":"Ignoring unsupported arg: port"}}
[debug] [2026-08-22T13:47:51.561Z] Starting SQL Connect Emulator with command {"binary":"C:\\Users\\RAM1\\.cache\\firebase\\emulators\\dataconnect-emulator-3.4.16.exe","args":["--logtostderr","-v=2","dev","--listen=localhost:50001","--config_dir=c:\\Users\\RAM1\\Documents\\Portal-kehadiran-\\dataconnect","--enable_output_schema_extensions=true","--enable_output_generated_sdk=true"],"optionalArgs":["listen","config_dir","enable_output_schema_extensions","enable_output_generated_sdk"],"joinArgs":true,"shell":false,"port":9399} {"metadata":{"emulator":{"name":"dataconnect"},"message":"Starting SQL Connect Emulator with command {\"binary\":\"C:\\\\Users\\\\RAM1\\\\.cache\\\\firebase\\\\emulators\\\\dataconnect-emulator-3.4.16.exe\",\"args\":[\"--logtostderr\",\"-v=2\",\"dev\",\"--listen=localhost:50001\",\"--config_dir=c:\\\\Users\\\\RAM1\\\\Documents\\\\Portal-kehadiran-\\\\dataconnect\",\"--enable_output_schema_extensions=true\",\"--enable_output_generated_sdk=true\"],\"optionalArgs\":[\"listen\",\"config_dir\",\"enable_output_schema_extensions\",\"enable_output_generated_sdk\"],\"joinArgs\":true,\"shell\":false,\"port\":9399}"}}
[info] i  dataconnect: SQL Connect Emulator logging to dataconnect-debug.log {"metadata":{"emulator":{"name":"dataconnect"},"message":"SQL Connect Emulator logging to \u001b[1mdataconnect-debug.log\u001b[22m"}}
[debug] [2026-08-22T13:47:52.417Z] E0822 21:47:52.127417    9100 dev.go:80] Failed to load initial config from "c:\\Users\\RAM1\\Documents\\Portal-kehadiran-\\dataconnect": could not find dataconnect.yaml in `c:\Users\RAM1\Documents\Portal-kehadiran-\dataconnect`
E0822 21:47:52.256733    9100 watch.go:116] watchAllDir unable to walk dir `c:\Users\RAM1\Documents\Portal-kehadiran-\dataconnect`: GetFileAttributesEx c:\Users\RAM1\Documents\Portal-kehadiran-\dataconnect: The system cannot find the file specified.
I0822 21:47:52.302918    9100 dev.go:101] Listening on address (HTTP + gRPC): 127.0.0.1:50001
 {"metadata":{"emulator":{"name":"dataconnect"},"message":"E0822 21:47:52.127417    9100 dev.go:80] Failed to load initial config from \"c:\\\\Users\\\\RAM1\\\\Documents\\\\Portal-kehadiran-\\\\dataconnect\": could not find dataconnect.yaml in `c:\\Users\\RAM1\\Documents\\Portal-kehadiran-\\dataconnect`\nE0822 21:47:52.256733    9100 watch.go:116] watchAllDir unable to walk dir `c:\\Users\\RAM1\\Documents\\Portal-kehadiran-\\dataconnect`: GetFileAttributesEx c:\\Users\\RAM1\\Documents\\Portal-kehadiran-\\dataconnect: The system cannot find the file specified.\nI0822 21:47:52.302918    9100 dev.go:101] Listening on address (HTTP + gRPC): 127.0.0.1:50001\n"}}
[debug] [2026-08-22T13:47:52.729Z] <<< [apiv2][status] POST https://www.googleapis.com/oauth2/v3/token 200
[debug] [2026-08-22T13:47:52.730Z] <<< [apiv2][body] POST https://www.googleapis.com/oauth2/v3/token [omitted]
[debug] [2026-08-22T13:47:52.976Z] [Firebase Plugin] User found:  ashrafkrai@gmail.com
[info] [Firebase Plugin] (Core:Project) New user detected, fetching projects
[debug] [2026-08-22T13:47:52.979Z] Checked if tokens are valid: true, expires at: 1787410071731
[debug] [2026-08-22T13:47:52.982Z] >>> [apiv2][query] GET https://firebase.googleapis.com/v1beta1/projects pageSize=1000
[error] [Firebase Plugin] error:  {}
[debug] [2026-08-22T13:47:53.794Z] <<< [apiv2][status] GET https://firebase.googleapis.com/v1beta1/projects 200
[debug] [2026-08-22T13:47:53.794Z] <<< [apiv2][body] GET https://firebase.googleapis.com/v1beta1/projects [omitted]
[debug] [2026-08-22T13:48:02.257Z] E0822 21:48:02.257842    9100 watch.go:40] Failed to load config from "c:\\Users\\RAM1\\Documents\\Portal-kehadiran-\\dataconnect": could not find dataconnect.yaml in `c:\Users\RAM1\Documents\Portal-kehadiran-\dataconnect`
 {"metadata":{"emulator":{"name":"dataconnect"},"message":"E0822 21:48:02.257842    9100 watch.go:40] Failed to load config from \"c:\\\\Users\\\\RAM1\\\\Documents\\\\Portal-kehadiran-\\\\dataconnect\": could not find dataconnect.yaml in `c:\\Users\\RAM1\\Documents\\Portal-kehadiran-\\dataconnect`\n"}}
[debug] [2026-08-22T13:48:12.249Z] E0822 21:48:12.257429    9100 watch.go:40] Failed to load config from "c:\\Users\\RAM1\\Documents\\Portal-kehadiran-\\dataconnect": could not find dataconnect.yaml in `c:\Users\RAM1\Documents\Portal-kehadiran-\dataconnect`
 {"metadata":{"emulator":{"name":"dataconnect"},"message":"E0822 21:48:12.257429    9100 watch.go:40] Failed to load config from \"c:\\\\Users\\\\RAM1\\\\Documents\\\\Portal-kehadiran-\\\\dataconnect\": could not find dataconnect.yaml in `c:\\Users\\RAM1\\Documents\\Portal-kehadiran-\\dataconnect`\n"}}
[debug] [2026-08-22T13:48:22.249Z] E0822 21:48:22.257454    9100 watch.go:40] Failed to load config from "c:\\Users\\RAM1\\Documents\\Portal-kehadiran-\\dataconnect": could not find dataconnect.yaml in `c:\Users\RAM1\Documents\Portal-kehadiran-\dataconnect`
 {"metadata":{"emulator":{"name":"dataconnect"},"message":"E0822 21:48:22.257454    9100 watch.go:40] Failed to load config from \"c:\\\\Users\\\\RAM1\\\\Documents\\\\Portal-kehadiran-\\\\dataconnect\": could not find dataconnect.yaml in `c:\\Users\\RAM1\\Documents\\Portal-kehadiran-\\dataconnect`\n"}}
[debug] [2026-08-22T13:48:32.249Z] E0822 21:48:32.257739    9100 watch.go:40] Failed to load config from "c:\\Users\\RAM1\\Documents\\Portal-kehadiran-\\dataconnect": could not find dataconnect.yaml in `c:\Users\RAM1\Documents\Portal-kehadiran-\dataconnect`
 {"metadata":{"emulator":{"name":"dataconnect"},"message":"E0822 21:48:32.257739    9100 watch.go:40] Failed to load config from \"c:\\\\Users\\\\RAM1\\\\Documents\\\\Portal-kehadiran-\\\\dataconnect\": could not find dataconnect.yaml in `c:\\Users\\RAM1\\Documents\\Portal-kehadiran-\\dataconnect`\n"}}
[debug] [2026-08-22T13:48:42.271Z] E0822 21:48:42.275047    9100 watch.go:40] Failed to load config from "c:\\Users\\RAM1\\Documents\\Portal-kehadiran-\\dataconnect": could not find dataconnect.yaml in `c:\Users\RAM1\Documents\Portal-kehadiran-\dataconnect`
 {"metadata":{"emulator":{"name":"dataconnect"},"message":"E0822 21:48:42.275047    9100 watch.go:40] Failed to load config from \"c:\\\\Users\\\\RAM1\\\\Documents\\\\Portal-kehadiran-\\\\dataconnect\": could not find dataconnect.yaml in `c:\\Users\\RAM1\\Documents\\Portal-kehadiran-\\dataconnect`\n"}}
[debug] [2026-08-22T13:48:52.249Z] E0822 21:48:52.257701    9100 watch.go:116] watchAllDir unable to walk dir `c:\Users\RAM1\Documents\Portal-kehadiran-\dataconnect`: GetFileAttributesEx c:\Users\RAM1\Documents\Portal-kehadiran-\dataconnect: The system cannot find the file specified.
 {"metadata":{"emulator":{"name":"dataconnect"},"message":"E0822 21:48:52.257701    9100 watch.go:116] watchAllDir unable to walk dir `c:\\Users\\RAM1\\Documents\\Portal-kehadiran-\\dataconnect`: GetFileAttributesEx c:\\Users\\RAM1\\Documents\\Portal-kehadiran-\\dataconnect: The system cannot find the file specified.\n"}}
[debug] [2026-08-22T13:48:52.251Z] E0822 21:48:52.257701    9100 watch.go:40] Failed to load config from "c:\\Users\\RAM1\\Documents\\Portal-kehadiran-\\dataconnect": could not find dataconnect.yaml in `c:\Users\RAM1\Documents\Portal-kehadiran-\dataconnect`
 {"metadata":{"emulator":{"name":"dataconnect"},"message":"E0822 21:48:52.257701    9100 watch.go:40] Failed to load config from \"c:\\\\Users\\\\RAM1\\\\Documents\\\\Portal-kehadiran-\\\\dataconnect\": could not find dataconnect.yaml in `c:\\Users\\RAM1\\Documents\\Portal-kehadiran-\\dataconnect`\n"}}
[debug] [2026-08-22T13:49:02.249Z] E0822 21:49:02.257575    9100 watch.go:40] Failed to load config from "c:\\Users\\RAM1\\Documents\\Portal-kehadiran-\\dataconnect": could not find dataconnect.yaml in `c:\Users\RAM1\Documents\Portal-kehadiran-\dataconnect`
 {"metadata":{"emulator":{"name":"dataconnect"},"message":"E0822 21:49:02.257575    9100 watch.go:40] Failed to load config from \"c:\\\\Users\\\\RAM1\\\\Documents\\\\Portal-kehadiran-\\\\dataconnect\": could not find dataconnect.yaml in `c:\\Users\\RAM1\\Documents\\Portal-kehadiran-\\dataconnect`\n"}}
[debug] [2026-08-22T13:49:12.257Z] E0822 21:49:12.257593    9100 watch.go:40] Failed to load config from "c:\\Users\\RAM1\\Documents\\Portal-kehadiran-\\dataconnect": could not find dataconnect.yaml in `c:\Users\RAM1\Documents\Portal-kehadiran-\dataconnect`
 {"metadata":{"emulator":{"name":"dataconnect"},"message":"E0822 21:49:12.257593    9100 watch.go:40] Failed to load config from \"c:\\\\Users\\\\RAM1\\\\Documents\\\\Portal-kehadiran-\\\\dataconnect\": could not find dataconnect.yaml in `c:\\Users\\RAM1\\Documents\\Portal-kehadiran-\\dataconnect`\n"}}
[debug] [2026-08-22T13:49:22.257Z] E0822 21:49:22.257596    9100 watch.go:40] Failed to load config from "c:\\Users\\RAM1\\Documents\\Portal-kehadiran-\\dataconnect": could not find dataconnect.yaml in `c:\Users\RAM1\Documents\Portal-kehadiran-\dataconnect`
 {"metadata":{"emulator":{"name":"dataconnect"},"message":"E0822 21:49:22.257596    9100 watch.go:40] Failed to load config from \"c:\\\\Users\\\\RAM1\\\\Documents\\\\Portal-kehadiran-\\\\dataconnect\": could not find dataconnect.yaml in `c:\\Users\\RAM1\\Documents\\Portal-kehadiran-\\dataconnect`\n"}}
[debug] [2026-08-22T13:49:32.257Z] E0822 21:49:32.257328    9100 watch.go:40] Failed to load config from "c:\\Users\\RAM1\\Documents\\Portal-kehadiran-\\dataconnect": could not find dataconnect.yaml in `c:\Users\RAM1\Documents\Portal-kehadiran-\dataconnect`
 {"metadata":{"emulator":{"name":"dataconnect"},"message":"E0822 21:49:32.257328    9100 watch.go:40] Failed to load config from \"c:\\\\Users\\\\RAM1\\\\Documents\\\\Portal-kehadiran-\\\\dataconnect\": could not find dataconnect.yaml in `c:\\Users\\RAM1\\Documents\\Portal-kehadiran-\\dataconnect`\n"}}
[debug] [2026-08-22T13:49:42.258Z] E0822 21:49:42.257911    9100 watch.go:40] Failed to load config from "c:\\Users\\RAM1\\Documents\\Portal-kehadiran-\\dataconnect": could not find dataconnect.yaml in `c:\Users\RAM1\Documents\Portal-kehadiran-\dataconnect`
 {"metadata":{"emulator":{"name":"dataconnect"},"message":"E0822 21:49:42.257911    9100 watch.go:40] Failed to load config from \"c:\\\\Users\\\\RAM1\\\\Documents\\\\Portal-kehadiran-\\\\dataconnect\": could not find dataconnect.yaml in `c:\\Users\\RAM1\\Documents\\Portal-kehadiran-\\dataconnect`\n"}}
[debug] [2026-08-22T13:49:52.258Z] E0822 21:49:52.257704    9100 watch.go:116] watchAllDir unable to walk dir `c:\Users\RAM1\Documents\Portal-kehadiran-\dataconnect`: GetFileAttributesEx c:\Users\RAM1\Documents\Portal-kehadiran-\dataconnect: The system cannot find the file specified.
 {"metadata":{"emulator":{"name":"dataconnect"},"message":"E0822 21:49:52.257704    9100 watch.go:116] watchAllDir unable to walk dir `c:\\Users\\RAM1\\Documents\\Portal-kehadiran-\\dataconnect`: GetFileAttributesEx c:\\Users\\RAM1\\Documents\\Portal-kehadiran-\\dataconnect: The system cannot find the file specified.\n"}}
[debug] [2026-08-22T13:49:52.260Z] E0822 21:49:52.260190    9100 watch.go:40] Failed to load config from "c:\\Users\\RAM1\\Documents\\Portal-kehadiran-\\dataconnect": could not find dataconnect.yaml in `c:\Users\RAM1\Documents\Portal-kehadiran-\dataconnect`
 {"metadata":{"emulator":{"name":"dataconnect"},"message":"E0822 21:49:52.260190    9100 watch.go:40] Failed to load config from \"c:\\\\Users\\\\RAM1\\\\Documents\\\\Portal-kehadiran-\\\\dataconnect\": could not find dataconnect.yaml in `c:\\Users\\RAM1\\Documents\\Portal-kehadiran-\\dataconnect`\n"}}
[debug] [2026-08-22T13:50:02.258Z] E0822 21:50:02.258267    9100 watch.go:40] Failed to load config from "c:\\Users\\RAM1\\Documents\\Portal-kehadiran-\\dataconnect": could not find dataconnect.yaml in `c:\Users\RAM1\Documents\Portal-kehadiran-\dataconnect`
 {"metadata":{"emulator":{"name":"dataconnect"},"message":"E0822 21:50:02.258267    9100 watch.go:40] Failed to load config from \"c:\\\\Users\\\\RAM1\\\\Documents\\\\Portal-kehadiran-\\\\dataconnect\": could not find dataconnect.yaml in `c:\\Users\\RAM1\\Documents\\Portal-kehadiran-\\dataconnect`\n"}}
[debug] [2026-08-22T13:50:12.257Z] E0822 21:50:12.257880    9100 watch.go:40] Failed to load config from "c:\\Users\\RAM1\\Documents\\Portal-kehadiran-\\dataconnect": could not find dataconnect.yaml in `c:\Users\RAM1\Documents\Portal-kehadiran-\dataconnect`
 {"metadata":{"emulator":{"name":"dataconnect"},"message":"E0822 21:50:12.257880    9100 watch.go:40] Failed to load config from \"c:\\\\Users\\\\RAM1\\\\Documents\\\\Portal-kehadiran-\\\\dataconnect\": could not find dataconnect.yaml in `c:\\Users\\RAM1\\Documents\\Portal-kehadiran-\\dataconnect`\n"}}
[debug] [2026-08-22T13:50:22.257Z] E0822 21:50:22.257565    9100 watch.go:40] Failed to load config from "c:\\Users\\RAM1\\Documents\\Portal-kehadiran-\\dataconnect": could not find dataconnect.yaml in `c:\Users\RAM1\Documents\Portal-kehadiran-\dataconnect`
 {"metadata":{"emulator":{"name":"dataconnect"},"message":"E0822 21:50:22.257565    9100 watch.go:40] Failed to load config from \"c:\\\\Users\\\\RAM1\\\\Documents\\\\Portal-kehadiran-\\\\dataconnect\": could not find dataconnect.yaml in `c:\\Users\\RAM1\\Documents\\Portal-kehadiran-\\dataconnect`\n"}}
[debug] [2026-08-22T13:50:32.257Z] E0822 21:50:32.257980    9100 watch.go:40] Failed to load config from "c:\\Users\\RAM1\\Documents\\Portal-kehadiran-\\dataconnect": could not find dataconnect.yaml in `c:\Users\RAM1\Documents\Portal-kehadiran-\dataconnect`
 {"metadata":{"emulator":{"name":"dataconnect"},"message":"E0822 21:50:32.257980    9100 watch.go:40] Failed to load config from \"c:\\\\Users\\\\RAM1\\\\Documents\\\\Portal-kehadiran-\\\\dataconnect\": could not find dataconnect.yaml in `c:\\Users\\RAM1\\Documents\\Portal-kehadiran-\\dataconnect`\n"}}
[debug] [2026-08-22T13:50:42.257Z] E0822 21:50:42.257560    9100 watch.go:40] Failed to load config from "c:\\Users\\RAM1\\Documents\\Portal-kehadiran-\\dataconnect": could not find dataconnect.yaml in `c:\Users\RAM1\Documents\Portal-kehadiran-\dataconnect`
 {"metadata":{"emulator":{"name":"dataconnect"},"message":"E0822 21:50:42.257560    9100 watch.go:40] Failed to load config from \"c:\\\\Users\\\\RAM1\\\\Documents\\\\Portal-kehadiran-\\\\dataconnect\": could not find dataconnect.yaml in `c:\\Users\\RAM1\\Documents\\Portal-kehadiran-\\dataconnect`\n"}}
[debug] [2026-08-22T13:50:52.256Z] E0822 21:50:52.257428    9100 watch.go:116] watchAllDir unable to walk dir `c:\Users\RAM1\Documents\Portal-kehadiran-\dataconnect`: GetFileAttributesEx c:\Users\RAM1\Documents\Portal-kehadiran-\dataconnect: The system cannot find the file specified.
 {"metadata":{"emulator":{"name":"dataconnect"},"message":"E0822 21:50:52.257428    9100 watch.go:116] watchAllDir unable to walk dir `c:\\Users\\RAM1\\Documents\\Portal-kehadiran-\\dataconnect`: GetFileAttributesEx c:\\Users\\RAM1\\Documents\\Portal-kehadiran-\\dataconnect: The system cannot find the file specified.\n"}}
[debug] [2026-08-22T13:50:52.257Z] E0822 21:50:52.257428    9100 watch.go:40] Failed to load config from "c:\\Users\\RAM1\\Documents\\Portal-kehadiran-\\dataconnect": could not find dataconnect.yaml in `c:\Users\RAM1\Documents\Portal-kehadiran-\dataconnect`
 {"metadata":{"emulator":{"name":"dataconnect"},"message":"E0822 21:50:52.257428    9100 watch.go:40] Failed to load config from \"c:\\\\Users\\\\RAM1\\\\Documents\\\\Portal-kehadiran-\\\\dataconnect\": could not find dataconnect.yaml in `c:\\Users\\RAM1\\Documents\\Portal-kehadiran-\\dataconnect`\n"}}
[debug] [2026-08-22T13:51:02.257Z] E0822 21:51:02.257525    9100 watch.go:40] Failed to load config from "c:\\Users\\RAM1\\Documents\\Portal-kehadiran-\\dataconnect": could not find dataconnect.yaml in `c:\Users\RAM1\Documents\Portal-kehadiran-\dataconnect`
 {"metadata":{"emulator":{"name":"dataconnect"},"message":"E0822 21:51:02.257525    9100 watch.go:40] Failed to load config from \"c:\\\\Users\\\\RAM1\\\\Documents\\\\Portal-kehadiran-\\\\dataconnect\": could not find dataconnect.yaml in `c:\\Users\\RAM1\\Documents\\Portal-kehadiran-\\dataconnect`\n"}}
[debug] [2026-08-22T13:51:12.257Z] E0822 21:51:12.257568    9100 watch.go:40] Failed to load config from "c:\\Users\\RAM1\\Documents\\Portal-kehadiran-\\dataconnect": could not find dataconnect.yaml in `c:\Users\RAM1\Documents\Portal-kehadiran-\dataconnect`
 {"metadata":{"emulator":{"name":"dataconnect"},"message":"E0822 21:51:12.257568    9100 watch.go:40] Failed to load config from \"c:\\\\Users\\\\RAM1\\\\Documents\\\\Portal-kehadiran-\\\\dataconnect\": could not find dataconnect.yaml in `c:\\Users\\RAM1\\Documents\\Portal-kehadiran-\\dataconnect`\n"}}
[debug] [2026-08-22T13:51:22.257Z] E0822 21:51:22.257694    9100 watch.go:40] Failed to load config from "c:\\Users\\RAM1\\Documents\\Portal-kehadiran-\\dataconnect": could not find dataconnect.yaml in `c:\Users\RAM1\Documents\Portal-kehadiran-\dataconnect`
 {"metadata":{"emulator":{"name":"dataconnect"},"message":"E0822 21:51:22.257694    9100 watch.go:40] Failed to load config from \"c:\\\\Users\\\\RAM1\\\\Documents\\\\Portal-kehadiran-\\\\dataconnect\": could not find dataconnect.yaml in `c:\\Users\\RAM1\\Documents\\Portal-kehadiran-\\dataconnect`\n"}}
[debug] [2026-08-22T13:51:32.257Z] E0822 21:51:32.257646    9100 watch.go:40] Failed to load config from "c:\\Users\\RAM1\\Documents\\Portal-kehadiran-\\dataconnect": could not find dataconnect.yaml in `c:\Users\RAM1\Documents\Portal-kehadiran-\dataconnect`
 {"metadata":{"emulator":{"name":"dataconnect"},"message":"E0822 21:51:32.257646    9100 watch.go:40] Failed to load config from \"c:\\\\Users\\\\RAM1\\\\Documents\\\\Portal-kehadiran-\\\\dataconnect\": could not find dataconnect.yaml in `c:\\Users\\RAM1\\Documents\\Portal-kehadiran-\\dataconnect`\n"}}
[debug] [2026-08-22T13:51:42.257Z] E0822 21:51:42.257478    9100 watch.go:40] Failed to load config from "c:\\Users\\RAM1\\Documents\\Portal-kehadiran-\\dataconnect": could not find dataconnect.yaml in `c:\Users\RAM1\Documents\Portal-kehadiran-\dataconnect`
 {"metadata":{"emulator":{"name":"dataconnect"},"message":"E0822 21:51:42.257478    9100 watch.go:40] Failed to load config from \"c:\\\\Users\\\\RAM1\\\\Documents\\\\Portal-kehadiran-\\\\dataconnect\": could not find dataconnect.yaml in `c:\\Users\\RAM1\\Documents\\Portal-kehadiran-\\dataconnect`\n"}}
[debug] [2026-08-22T13:51:52.256Z] E0822 21:51:52.257443    9100 watch.go:116] watchAllDir unable to walk dir `c:\Users\RAM1\Documents\Portal-kehadiran-\dataconnect`: GetFileAttributesEx c:\Users\RAM1\Documents\Portal-kehadiran-\dataconnect: The system cannot find the file specified.
 {"metadata":{"emulator":{"name":"dataconnect"},"message":"E0822 21:51:52.257443    9100 watch.go:116] watchAllDir unable to walk dir `c:\\Users\\RAM1\\Documents\\Portal-kehadiran-\\dataconnect`: GetFileAttributesEx c:\\Users\\RAM1\\Documents\\Portal-kehadiran-\\dataconnect: The system cannot find the file specified.\n"}}
[debug] [2026-08-22T13:51:52.257Z] E0822 21:51:52.257443    9100 watch.go:40] Failed to load config from "c:\\Users\\RAM1\\Documents\\Portal-kehadiran-\\dataconnect": could not find dataconnect.yaml in `c:\Users\RAM1\Documents\Portal-kehadiran-\dataconnect`
 {"metadata":{"emulator":{"name":"dataconnect"},"message":"E0822 21:51:52.257443    9100 watch.go:40] Failed to load config from \"c:\\\\Users\\\\RAM1\\\\Documents\\\\Portal-kehadiran-\\\\dataconnect\": could not find dataconnect.yaml in `c:\\Users\\RAM1\\Documents\\Portal-kehadiran-\\dataconnect`\n"}}
[debug] [2026-08-22T13:52:02.259Z] E0822 21:52:02.260207    9100 watch.go:40] Failed to load config from "c:\\Users\\RAM1\\Documents\\Portal-kehadiran-\\dataconnect": could not find dataconnect.yaml in `c:\Users\RAM1\Documents\Portal-kehadiran-\dataconnect`
 {"metadata":{"emulator":{"name":"dataconnect"},"message":"E0822 21:52:02.260207    9100 watch.go:40] Failed to load config from \"c:\\\\Users\\\\RAM1\\\\Documents\\\\Portal-kehadiran-\\\\dataconnect\": could not find dataconnect.yaml in `c:\\Users\\RAM1\\Documents\\Portal-kehadiran-\\dataconnect`\n"}}
[debug] [2026-08-22T13:52:12.258Z] E0822 21:52:12.257679    9100 watch.go:40] Failed to load config from "c:\\Users\\RAM1\\Documents\\Portal-kehadiran-\\dataconnect": could not find dataconnect.yaml in `c:\Users\RAM1\Documents\Portal-kehadiran-\dataconnect`
 {"metadata":{"emulator":{"name":"dataconnect"},"message":"E0822 21:52:12.257679    9100 watch.go:40] Failed to load config from \"c:\\\\Users\\\\RAM1\\\\Documents\\\\Portal-kehadiran-\\\\dataconnect\": could not find dataconnect.yaml in `c:\\Users\\RAM1\\Documents\\Portal-kehadiran-\\dataconnect`\n"}}
[debug] [2026-08-22T13:52:22.258Z] E0822 21:52:22.257797    9100 watch.go:40] Failed to load config from "c:\\Users\\RAM1\\Documents\\Portal-kehadiran-\\dataconnect": could not find dataconnect.yaml in `c:\Users\RAM1\Documents\Portal-kehadiran-\dataconnect`
 {"metadata":{"emulator":{"name":"dataconnect"},"message":"E0822 21:52:22.257797    9100 watch.go:40] Failed to load config from \"c:\\\\Users\\\\RAM1\\\\Documents\\\\Portal-kehadiran-\\\\dataconnect\": could not find dataconnect.yaml in `c:\\Users\\RAM1\\Documents\\Portal-kehadiran-\\dataconnect`\n"}}
[debug] [2026-08-22T13:52:32.258Z] E0822 21:52:32.257729    9100 watch.go:40] Failed to load config from "c:\\Users\\RAM1\\Documents\\Portal-kehadiran-\\dataconnect": could not find dataconnect.yaml in `c:\Users\RAM1\Documents\Portal-kehadiran-\dataconnect`
 {"metadata":{"emulator":{"name":"dataconnect"},"message":"E0822 21:52:32.257729    9100 watch.go:40] Failed to load config from \"c:\\\\Users\\\\RAM1\\\\Documents\\\\Portal-kehadiran-\\\\dataconnect\": could not find dataconnect.yaml in `c:\\Users\\RAM1\\Documents\\Portal-kehadiran-\\dataconnect`\n"}}
[debug] [2026-08-22T13:52:42.258Z] E0822 21:52:42.257898    9100 watch.go:40] Failed to load config from "c:\\Users\\RAM1\\Documents\\Portal-kehadiran-\\dataconnect": could not find dataconnect.yaml in `c:\Users\RAM1\Documents\Portal-kehadiran-\dataconnect`
 {"metadata":{"emulator":{"name":"dataconnect"},"message":"E0822 21:52:42.257898    9100 watch.go:40] Failed to load config from \"c:\\\\Users\\\\RAM1\\\\Documents\\\\Portal-kehadiran-\\\\dataconnect\": could not find dataconnect.yaml in `c:\\Users\\RAM1\\Documents\\Portal-kehadiran-\\dataconnect`\n"}}
[debug] [2026-08-22T13:52:52.257Z] E0822 21:52:52.257583    9100 watch.go:116] watchAllDir unable to walk dir `c:\Users\RAM1\Documents\Portal-kehadiran-\dataconnect`: GetFileAttributesEx c:\Users\RAM1\Documents\Portal-kehadiran-\dataconnect: The system cannot find the file specified.
 {"metadata":{"emulator":{"name":"dataconnect"},"message":"E0822 21:52:52.257583    9100 watch.go:116] watchAllDir unable to walk dir `c:\\Users\\RAM1\\Documents\\Portal-kehadiran-\\dataconnect`: GetFileAttributesEx c:\\Users\\RAM1\\Documents\\Portal-kehadiran-\\dataconnect: The system cannot find the file specified.\n"}}
[debug] [2026-08-22T13:52:52.258Z] E0822 21:52:52.257583    9100 watch.go:40] Failed to load config from "c:\\Users\\RAM1\\Documents\\Portal-kehadiran-\\dataconnect": could not find dataconnect.yaml in `c:\Users\RAM1\Documents\Portal-kehadiran-\dataconnect`
 {"metadata":{"emulator":{"name":"dataconnect"},"message":"E0822 21:52:52.257583    9100 watch.go:40] Failed to load config from \"c:\\\\Users\\\\RAM1\\\\Documents\\\\Portal-kehadiran-\\\\dataconnect\": could not find dataconnect.yaml in `c:\\Users\\RAM1\\Documents\\Portal-kehadiran-\\dataconnect`\n"}}
[debug] [2026-08-22T13:53:02.258Z] E0822 21:53:02.257745    9100 watch.go:40] Failed to load config from "c:\\Users\\RAM1\\Documents\\Portal-kehadiran-\\dataconnect": could not find dataconnect.yaml in `c:\Users\RAM1\Documents\Portal-kehadiran-\dataconnect`
 {"metadata":{"emulator":{"name":"dataconnect"},"message":"E0822 21:53:02.257745    9100 watch.go:40] Failed to load config from \"c:\\\\Users\\\\RAM1\\\\Documents\\\\Portal-kehadiran-\\\\dataconnect\": could not find dataconnect.yaml in `c:\\Users\\RAM1\\Documents\\Portal-kehadiran-\\dataconnect`\n"}}
[debug] [2026-08-22T13:53:12.257Z] E0822 21:53:12.257510    9100 watch.go:40] Failed to load config from "c:\\Users\\RAM1\\Documents\\Portal-kehadiran-\\dataconnect": could not find dataconnect.yaml in `c:\Users\RAM1\Documents\Portal-kehadiran-\dataconnect`
 {"metadata":{"emulator":{"name":"dataconnect"},"message":"E0822 21:53:12.257510    9100 watch.go:40] Failed to load config from \"c:\\\\Users\\\\RAM1\\\\Documents\\\\Portal-kehadiran-\\\\dataconnect\": could not find dataconnect.yaml in `c:\\Users\\RAM1\\Documents\\Portal-kehadiran-\\dataconnect`\n"}}
[debug] [2026-08-22T13:53:22.258Z] E0822 21:53:22.258130    9100 watch.go:40] Failed to load config from "c:\\Users\\RAM1\\Documents\\Portal-kehadiran-\\dataconnect": could not find dataconnect.yaml in `c:\Users\RAM1\Documents\Portal-kehadiran-\dataconnect`
 {"metadata":{"emulator":{"name":"dataconnect"},"message":"E0822 21:53:22.258130    9100 watch.go:40] Failed to load config from \"c:\\\\Users\\\\RAM1\\\\Documents\\\\Portal-kehadiran-\\\\dataconnect\": could not find dataconnect.yaml in `c:\\Users\\RAM1\\Documents\\Portal-kehadiran-\\dataconnect`\n"}}
[debug] [2026-08-22T13:53:32.258Z] E0822 21:53:32.258022    9100 watch.go:40] Failed to load config from "c:\\Users\\RAM1\\Documents\\Portal-kehadiran-\\dataconnect": could not find dataconnect.yaml in `c:\Users\RAM1\Documents\Portal-kehadiran-\dataconnect`
 {"metadata":{"emulator":{"name":"dataconnect"},"message":"E0822 21:53:32.258022    9100 watch.go:40] Failed to load config from \"c:\\\\Users\\\\RAM1\\\\Documents\\\\Portal-kehadiran-\\\\dataconnect\": could not find dataconnect.yaml in `c:\\Users\\RAM1\\Documents\\Portal-kehadiran-\\dataconnect`\n"}}
[debug] [2026-08-22T13:53:42.258Z] E0822 21:53:42.257666    9100 watch.go:40] Failed to load config from "c:\\Users\\RAM1\\Documents\\Portal-kehadiran-\\dataconnect": could not find dataconnect.yaml in `c:\Users\RAM1\Documents\Portal-kehadiran-\dataconnect`
 {"metadata":{"emulator":{"name":"dataconnect"},"message":"E0822 21:53:42.257666    9100 watch.go:40] Failed to load config from \"c:\\\\Users\\\\RAM1\\\\Documents\\\\Portal-kehadiran-\\\\dataconnect\": could not find dataconnect.yaml in `c:\\Users\\RAM1\\Documents\\Portal-kehadiran-\\dataconnect`\n"}}
[debug] [2026-08-22T13:53:52.257Z] E0822 21:53:52.257492    9100 watch.go:116] watchAllDir unable to walk dir `c:\Users\RAM1\Documents\Portal-kehadiran-\dataconnect`: GetFileAttributesEx c:\Users\RAM1\Documents\Portal-kehadiran-\dataconnect: The system cannot find the file specified.
E0822 21:53:52.257492    9100 watch.go:40] Failed to load config from "c:\\Users\\RAM1\\Documents\\Portal-kehadiran-\\dataconnect": could not find dataconnect.yaml in `c:\Users\RAM1\Documents\Portal-kehadiran-\dataconnect`
 {"metadata":{"emulator":{"name":"dataconnect"},"message":"E0822 21:53:52.257492    9100 watch.go:116] watchAllDir unable to walk dir `c:\\Users\\RAM1\\Documents\\Portal-kehadiran-\\dataconnect`: GetFileAttributesEx c:\\Users\\RAM1\\Documents\\Portal-kehadiran-\\dataconnect: The system cannot find the file specified.\nE0822 21:53:52.257492    9100 watch.go:40] Failed to load config from \"c:\\\\Users\\\\RAM1\\\\Documents\\\\Portal-kehadiran-\\\\dataconnect\": could not find dataconnect.yaml in `c:\\Users\\RAM1\\Documents\\Portal-kehadiran-\\dataconnect`\n"}}
[debug] [2026-08-22T13:54:02.258Z] E0822 21:54:02.257990    9100 watch.go:40] Failed to load config from "c:\\Users\\RAM1\\Documents\\Portal-kehadiran-\\dataconnect": could not find dataconnect.yaml in `c:\Users\RAM1\Documents\Portal-kehadiran-\dataconnect`
 {"metadata":{"emulator":{"name":"dataconnect"},"message":"E0822 21:54:02.257990    9100 watch.go:40] Failed to load config from \"c:\\\\Users\\\\RAM1\\\\Documents\\\\Portal-kehadiran-\\\\dataconnect\": could not find dataconnect.yaml in `c:\\Users\\RAM1\\Documents\\Portal-kehadiran-\\dataconnect`\n"}}
[debug] [2026-08-22T13:54:12.251Z] E0822 21:54:12.257870    9100 watch.go:40] Failed to load config from "c:\\Users\\RAM1\\Documents\\Portal-kehadiran-\\dataconnect": could not find dataconnect.yaml in `c:\Users\RAM1\Documents\Portal-kehadiran-\dataconnect`
 {"metadata":{"emulator":{"name":"dataconnect"},"message":"E0822 21:54:12.257870    9100 watch.go:40] Failed to load config from \"c:\\\\Users\\\\RAM1\\\\Documents\\\\Portal-kehadiran-\\\\dataconnect\": could not find dataconnect.yaml in `c:\\Users\\RAM1\\Documents\\Portal-kehadiran-\\dataconnect`\n"}}
[debug] [2026-08-22T13:54:22.251Z] E0822 21:54:22.258112    9100 watch.go:40] Failed to load config from "c:\\Users\\RAM1\\Documents\\Portal-kehadiran-\\dataconnect": could not find dataconnect.yaml in `c:\Users\RAM1\Documents\Portal-kehadiran-\dataconnect`
 {"metadata":{"emulator":{"name":"dataconnect"},"message":"E0822 21:54:22.258112    9100 watch.go:40] Failed to load config from \"c:\\\\Users\\\\RAM1\\\\Documents\\\\Portal-kehadiran-\\\\dataconnect\": could not find dataconnect.yaml in `c:\\Users\\RAM1\\Documents\\Portal-kehadiran-\\dataconnect`\n"}}
[debug] [2026-08-22T13:54:32.250Z] E0822 21:54:32.257722    9100 watch.go:40] Failed to load config from "c:\\Users\\RAM1\\Documents\\Portal-kehadiran-\\dataconnect": could not find dataconnect.yaml in `c:\Users\RAM1\Documents\Portal-kehadiran-\dataconnect`
 {"metadata":{"emulator":{"name":"dataconnect"},"message":"E0822 21:54:32.257722    9100 watch.go:40] Failed to load config from \"c:\\\\Users\\\\RAM1\\\\Documents\\\\Portal-kehadiran-\\\\dataconnect\": could not find dataconnect.yaml in `c:\\Users\\RAM1\\Documents\\Portal-kehadiran-\\dataconnect`\n"}}
[debug] [2026-08-22T13:54:42.250Z] E0822 21:54:42.257592    9100 watch.go:40] Failed to load config from "c:\\Users\\RAM1\\Documents\\Portal-kehadiran-\\dataconnect": could not find dataconnect.yaml in `c:\Users\RAM1\Documents\Portal-kehadiran-\dataconnect`
 {"metadata":{"emulator":{"name":"dataconnect"},"message":"E0822 21:54:42.257592    9100 watch.go:40] Failed to load config from \"c:\\\\Users\\\\RAM1\\\\Documents\\\\Portal-kehadiran-\\\\dataconnect\": could not find dataconnect.yaml in `c:\\Users\\RAM1\\Documents\\Portal-kehadiran-\\dataconnect`\n"}}
[debug] [2026-08-22T13:54:52.250Z] E0822 21:54:52.257981    9100 watch.go:40] Failed to load config from "c:\\Users\\RAM1\\Documents\\Portal-kehadiran-\\dataconnect": could not find dataconnect.yaml in `c:\Users\RAM1\Documents\Portal-kehadiran-\dataconnect`
E0822 21:54:52.257469    9100 watch.go:116] watchAllDir unable to walk dir `c:\Users\RAM1\Documents\Portal-kehadiran-\dataconnect`: GetFileAttributesEx c:\Users\RAM1\Documents\Portal-kehadiran-\dataconnect: The system cannot find the file specified.
 {"metadata":{"emulator":{"name":"dataconnect"},"message":"E0822 21:54:52.257981    9100 watch.go:40] Failed to load config from \"c:\\\\Users\\\\RAM1\\\\Documents\\\\Portal-kehadiran-\\\\dataconnect\": could not find dataconnect.yaml in `c:\\Users\\RAM1\\Documents\\Portal-kehadiran-\\dataconnect`\nE0822 21:54:52.257469    9100 watch.go:116] watchAllDir unable to walk dir `c:\\Users\\RAM1\\Documents\\Portal-kehadiran-\\dataconnect`: GetFileAttributesEx c:\\Users\\RAM1\\Documents\\Portal-kehadiran-\\dataconnect: The system cannot find the file specified.\n"}}
[debug] [2026-08-22T13:55:02.250Z] E0822 21:55:02.257484    9100 watch.go:40] Failed to load config from "c:\\Users\\RAM1\\Documents\\Portal-kehadiran-\\dataconnect": could not find dataconnect.yaml in `c:\Users\RAM1\Documents\Portal-kehadiran-\dataconnect`
 {"metadata":{"emulator":{"name":"dataconnect"},"message":"E0822 21:55:02.257484    9100 watch.go:40] Failed to load config from \"c:\\\\Users\\\\RAM1\\\\Documents\\\\Portal-kehadiran-\\\\dataconnect\": could not find dataconnect.yaml in `c:\\Users\\RAM1\\Documents\\Portal-kehadiran-\\dataconnect`\n"}}
[debug] [2026-08-22T13:55:12.258Z] E0822 21:55:12.257742    9100 watch.go:40] Failed to load config from "c:\\Users\\RAM1\\Documents\\Portal-kehadiran-\\dataconnect": could not find dataconnect.yaml in `c:\Users\RAM1\Documents\Portal-kehadiran-\dataconnect`
 {"metadata":{"emulator":{"name":"dataconnect"},"message":"E0822 21:55:12.257742    9100 watch.go:40] Failed to load config from \"c:\\\\Users\\\\RAM1\\\\Documents\\\\Portal-kehadiran-\\\\dataconnect\": could not find dataconnect.yaml in `c:\\Users\\RAM1\\Documents\\Portal-kehadiran-\\dataconnect`\n"}}
[debug] [2026-08-22T13:55:22.258Z] E0822 21:55:22.257654    9100 watch.go:40] Failed to load config from "c:\\Users\\RAM1\\Documents\\Portal-kehadiran-\\dataconnect": could not find dataconnect.yaml in `c:\Users\RAM1\Documents\Portal-kehadiran-\dataconnect`
 {"metadata":{"emulator":{"name":"dataconnect"},"message":"E0822 21:55:22.257654    9100 watch.go:40] Failed to load config from \"c:\\\\Users\\\\RAM1\\\\Documents\\\\Portal-kehadiran-\\\\dataconnect\": could not find dataconnect.yaml in `c:\\Users\\RAM1\\Documents\\Portal-kehadiran-\\dataconnect`\n"}}
[debug] [2026-08-22T13:55:32.258Z] E0822 21:55:32.257678    9100 watch.go:40] Failed to load config from "c:\\Users\\RAM1\\Documents\\Portal-kehadiran-\\dataconnect": could not find dataconnect.yaml in `c:\Users\RAM1\Documents\Portal-kehadiran-\dataconnect`
 {"metadata":{"emulator":{"name":"dataconnect"},"message":"E0822 21:55:32.257678    9100 watch.go:40] Failed to load config from \"c:\\\\Users\\\\RAM1\\\\Documents\\\\Portal-kehadiran-\\\\dataconnect\": could not find dataconnect.yaml in `c:\\Users\\RAM1\\Documents\\Portal-kehadiran-\\dataconnect`\n"}}
[debug] [2026-08-22T13:55:42.258Z] E0822 21:55:42.257869    9100 watch.go:40] Failed to load config from "c:\\Users\\RAM1\\Documents\\Portal-kehadiran-\\dataconnect": could not find dataconnect.yaml in `c:\Users\RAM1\Documents\Portal-kehadiran-\dataconnect`
 {"metadata":{"emulator":{"name":"dataconnect"},"message":"E0822 21:55:42.257869    9100 watch.go:40] Failed to load config from \"c:\\\\Users\\\\RAM1\\\\Documents\\\\Portal-kehadiran-\\\\dataconnect\": could not find dataconnect.yaml in `c:\\Users\\RAM1\\Documents\\Portal-kehadiran-\\dataconnect`\n"}}
[debug] [2026-08-22T13:55:52.258Z] E0822 21:55:52.257607    9100 watch.go:116] watchAllDir unable to walk dir `c:\Users\RAM1\Documents\Portal-kehadiran-\dataconnect`: GetFileAttributesEx c:\Users\RAM1\Documents\Portal-kehadiran-\dataconnect: The system cannot find the file specified.
 {"metadata":{"emulator":{"name":"dataconnect"},"message":"E0822 21:55:52.257607    9100 watch.go:116] watchAllDir unable to walk dir `c:\\Users\\RAM1\\Documents\\Portal-kehadiran-\\dataconnect`: GetFileAttributesEx c:\\Users\\RAM1\\Documents\\Portal-kehadiran-\\dataconnect: The system cannot find the file specified.\n"}}
[debug] [2026-08-22T13:55:52.259Z] E0822 21:55:52.257607    9100 watch.go:40] Failed to load config from "c:\\Users\\RAM1\\Documents\\Portal-kehadiran-\\dataconnect": could not find dataconnect.yaml in `c:\Users\RAM1\Documents\Portal-kehadiran-\dataconnect`
 {"metadata":{"emulator":{"name":"dataconnect"},"message":"E0822 21:55:52.257607    9100 watch.go:40] Failed to load config from \"c:\\\\Users\\\\RAM1\\\\Documents\\\\Portal-kehadiran-\\\\dataconnect\": could not find dataconnect.yaml in `c:\\Users\\RAM1\\Documents\\Portal-kehadiran-\\dataconnect`\n"}}
[debug] [2026-08-22T13:56:02.260Z] E0822 21:56:02.259634    9100 watch.go:40] Failed to load config from "c:\\Users\\RAM1\\Documents\\Portal-kehadiran-\\dataconnect": could not find dataconnect.yaml in `c:\Users\RAM1\Documents\Portal-kehadiran-\dataconnect`
 {"metadata":{"emulator":{"name":"dataconnect"},"message":"E0822 21:56:02.259634    9100 watch.go:40] Failed to load config from \"c:\\\\Users\\\\RAM1\\\\Documents\\\\Portal-kehadiran-\\\\dataconnect\": could not find dataconnect.yaml in `c:\\Users\\RAM1\\Documents\\Portal-kehadiran-\\dataconnect`\n"}}
[debug] [2026-08-22T13:56:12.279Z] E0822 21:56:12.269992    9100 watch.go:40] Failed to load config from "c:\\Users\\RAM1\\Documents\\Portal-kehadiran-\\dataconnect": could not find dataconnect.yaml in `c:\Users\RAM1\Documents\Portal-kehadiran-\dataconnect`
 {"metadata":{"emulator":{"name":"dataconnect"},"message":"E0822 21:56:12.269992    9100 watch.go:40] Failed to load config from \"c:\\\\Users\\\\RAM1\\\\Documents\\\\Portal-kehadiran-\\\\dataconnect\": could not find dataconnect.yaml in `c:\\Users\\RAM1\\Documents\\Portal-kehadiran-\\dataconnect`\n"}}
[debug] [2026-08-22T13:56:22.257Z] E0822 21:56:22.257398    9100 watch.go:40] Failed to load config from "c:\\Users\\RAM1\\Documents\\Portal-kehadiran-\\dataconnect": could not find dataconnect.yaml in `c:\Users\RAM1\Documents\Portal-kehadiran-\dataconnect`
 {"metadata":{"emulator":{"name":"dataconnect"},"message":"E0822 21:56:22.257398    9100 watch.go:40] Failed to load config from \"c:\\\\Users\\\\RAM1\\\\Documents\\\\Portal-kehadiran-\\\\dataconnect\": could not find dataconnect.yaml in `c:\\Users\\RAM1\\Documents\\Portal-kehadiran-\\dataconnect`\n"}}
[debug] [2026-08-22T13:56:32.257Z] E0822 21:56:32.257884    9100 watch.go:40] Failed to load config from "c:\\Users\\RAM1\\Documents\\Portal-kehadiran-\\dataconnect": could not find dataconnect.yaml in `c:\Users\RAM1\Documents\Portal-kehadiran-\dataconnect`
 {"metadata":{"emulator":{"name":"dataconnect"},"message":"E0822 21:56:32.257884    9100 watch.go:40] Failed to load config from \"c:\\\\Users\\\\RAM1\\\\Documents\\\\Portal-kehadiran-\\\\dataconnect\": could not find dataconnect.yaml in `c:\\Users\\RAM1\\Documents\\Portal-kehadiran-\\dataconnect`\n"}}
[debug] [2026-08-22T13:56:42.257Z] E0822 21:56:42.257905    9100 watch.go:40] Failed to load config from "c:\\Users\\RAM1\\Documents\\Portal-kehadiran-\\dataconnect": could not find dataconnect.yaml in `c:\Users\RAM1\Documents\Portal-kehadiran-\dataconnect`
 {"metadata":{"emulator":{"name":"dataconnect"},"message":"E0822 21:56:42.257905    9100 watch.go:40] Failed to load config from \"c:\\\\Users\\\\RAM1\\\\Documents\\\\Portal-kehadiran-\\\\dataconnect\": could not find dataconnect.yaml in `c:\\Users\\RAM1\\Documents\\Portal-kehadiran-\\dataconnect`\n"}}
[debug] [2026-08-22T13:56:52.257Z] E0822 21:56:52.257479    9100 watch.go:116] watchAllDir unable to walk dir `c:\Users\RAM1\Documents\Portal-kehadiran-\dataconnect`: GetFileAttributesEx c:\Users\RAM1\Documents\Portal-kehadiran-\dataconnect: The system cannot find the file specified.
E0822 21:56:52.257479    9100 watch.go:40] Failed to load config from "c:\\Users\\RAM1\\Documents\\Portal-kehadiran-\\dataconnect": could not find dataconnect.yaml in `c:\Users\RAM1\Documents\Portal-kehadiran-\dataconnect`
 {"metadata":{"emulator":{"name":"dataconnect"},"message":"E0822 21:56:52.257479    9100 watch.go:116] watchAllDir unable to walk dir `c:\\Users\\RAM1\\Documents\\Portal-kehadiran-\\dataconnect`: GetFileAttributesEx c:\\Users\\RAM1\\Documents\\Portal-kehadiran-\\dataconnect: The system cannot find the file specified.\nE0822 21:56:52.257479    9100 watch.go:40] Failed to load config from \"c:\\\\Users\\\\RAM1\\\\Documents\\\\Portal-kehadiran-\\\\dataconnect\": could not find dataconnect.yaml in `c:\\Users\\RAM1\\Documents\\Portal-kehadiran-\\dataconnect`\n"}}
[debug] [2026-08-22T13:57:02.258Z] E0822 21:57:02.258284    9100 watch.go:40] Failed to load config from "c:\\Users\\RAM1\\Documents\\Portal-kehadiran-\\dataconnect": could not find dataconnect.yaml in `c:\Users\RAM1\Documents\Portal-kehadiran-\dataconnect`
 {"metadata":{"emulator":{"name":"dataconnect"},"message":"E0822 21:57:02.258284    9100 watch.go:40] Failed to load config from \"c:\\\\Users\\\\RAM1\\\\Documents\\\\Portal-kehadiran-\\\\dataconnect\": could not find dataconnect.yaml in `c:\\Users\\RAM1\\Documents\\Portal-kehadiran-\\dataconnect`\n"}}
[debug] [2026-08-22T13:57:12.259Z] E0822 21:57:12.258383    9100 watch.go:40] Failed to load config from "c:\\Users\\RAM1\\Documents\\Portal-kehadiran-\\dataconnect": could not find dataconnect.yaml in `c:\Users\RAM1\Documents\Portal-kehadiran-\dataconnect`
 {"metadata":{"emulator":{"name":"dataconnect"},"message":"E0822 21:57:12.258383    9100 watch.go:40] Failed to load config from \"c:\\\\Users\\\\RAM1\\\\Documents\\\\Portal-kehadiran-\\\\dataconnect\": could not find dataconnect.yaml in `c:\\Users\\RAM1\\Documents\\Portal-kehadiran-\\dataconnect`\n"}}
[debug] [2026-08-22T13:57:22.257Z] E0822 21:57:22.257807    9100 watch.go:40] Failed to load config from "c:\\Users\\RAM1\\Documents\\Portal-kehadiran-\\dataconnect": could not find dataconnect.yaml in `c:\Users\RAM1\Documents\Portal-kehadiran-\dataconnect`
 {"metadata":{"emulator":{"name":"dataconnect"},"message":"E0822 21:57:22.257807    9100 watch.go:40] Failed to load config from \"c:\\\\Users\\\\RAM1\\\\Documents\\\\Portal-kehadiran-\\\\dataconnect\": could not find dataconnect.yaml in `c:\\Users\\RAM1\\Documents\\Portal-kehadiran-\\dataconnect`\n"}}
[debug] [2026-08-22T13:57:32.257Z] E0822 21:57:32.257519    9100 watch.go:40] Failed to load config from "c:\\Users\\RAM1\\Documents\\Portal-kehadiran-\\dataconnect": could not find dataconnect.yaml in `c:\Users\RAM1\Documents\Portal-kehadiran-\dataconnect`
 {"metadata":{"emulator":{"name":"dataconnect"},"message":"E0822 21:57:32.257519    9100 watch.go:40] Failed to load config from \"c:\\\\Users\\\\RAM1\\\\Documents\\\\Portal-kehadiran-\\\\dataconnect\": could not find dataconnect.yaml in `c:\\Users\\RAM1\\Documents\\Portal-kehadiran-\\dataconnect`\n"}}
[debug] [2026-08-22T13:57:42.257Z] E0822 21:57:42.257995    9100 watch.go:40] Failed to load config from "c:\\Users\\RAM1\\Documents\\Portal-kehadiran-\\dataconnect": could not find dataconnect.yaml in `c:\Users\RAM1\Documents\Portal-kehadiran-\dataconnect`
 {"metadata":{"emulator":{"name":"dataconnect"},"message":"E0822 21:57:42.257995    9100 watch.go:40] Failed to load config from \"c:\\\\Users\\\\RAM1\\\\Documents\\\\Portal-kehadiran-\\\\dataconnect\": could not find dataconnect.yaml in `c:\\Users\\RAM1\\Documents\\Portal-kehadiran-\\dataconnect`\n"}}
[debug] [2026-08-22T13:57:52.257Z] E0822 21:57:52.257587    9100 watch.go:116] watchAllDir unable to walk dir `c:\Users\RAM1\Documents\Portal-kehadiran-\dataconnect`: GetFileAttributesEx c:\Users\RAM1\Documents\Portal-kehadiran-\dataconnect: The system cannot find the file specified.
 {"metadata":{"emulator":{"name":"dataconnect"},"message":"E0822 21:57:52.257587    9100 watch.go:116] watchAllDir unable to walk dir `c:\\Users\\RAM1\\Documents\\Portal-kehadiran-\\dataconnect`: GetFileAttributesEx c:\\Users\\RAM1\\Documents\\Portal-kehadiran-\\dataconnect: The system cannot find the file specified.\n"}}
[debug] [2026-08-22T13:57:52.258Z] E0822 21:57:52.257587    9100 watch.go:40] Failed to load config from "c:\\Users\\RAM1\\Documents\\Portal-kehadiran-\\dataconnect": could not find dataconnect.yaml in `c:\Users\RAM1\Documents\Portal-kehadiran-\dataconnect`
 {"metadata":{"emulator":{"name":"dataconnect"},"message":"E0822 21:57:52.257587    9100 watch.go:40] Failed to load config from \"c:\\\\Users\\\\RAM1\\\\Documents\\\\Portal-kehadiran-\\\\dataconnect\": could not find dataconnect.yaml in `c:\\Users\\RAM1\\Documents\\Portal-kehadiran-\\dataconnect`\n"}}
[debug] [2026-08-22T13:58:02.257Z] E0822 21:58:02.257640    9100 watch.go:40] Failed to load config from "c:\\Users\\RAM1\\Documents\\Portal-kehadiran-\\dataconnect": could not find dataconnect.yaml in `c:\Users\RAM1\Documents\Portal-kehadiran-\dataconnect`
 {"metadata":{"emulator":{"name":"dataconnect"},"message":"E0822 21:58:02.257640    9100 watch.go:40] Failed to load config from \"c:\\\\Users\\\\RAM1\\\\Documents\\\\Portal-kehadiran-\\\\dataconnect\": could not find dataconnect.yaml in `c:\\Users\\RAM1\\Documents\\Portal-kehadiran-\\dataconnect`\n"}}
[debug] [2026-08-22T13:58:12.257Z] E0822 21:58:12.257734    9100 watch.go:40] Failed to load config from "c:\\Users\\RAM1\\Documents\\Portal-kehadiran-\\dataconnect": could not find dataconnect.yaml in `c:\Users\RAM1\Documents\Portal-kehadiran-\dataconnect`
 {"metadata":{"emulator":{"name":"dataconnect"},"message":"E0822 21:58:12.257734    9100 watch.go:40] Failed to load config from \"c:\\\\Users\\\\RAM1\\\\Documents\\\\Portal-kehadiran-\\\\dataconnect\": could not find dataconnect.yaml in `c:\\Users\\RAM1\\Documents\\Portal-kehadiran-\\dataconnect`\n"}}
[debug] [2026-08-22T13:58:22.257Z] E0822 21:58:22.258026    9100 watch.go:40] Failed to load config from "c:\\Users\\RAM1\\Documents\\Portal-kehadiran-\\dataconnect": could not find dataconnect.yaml in `c:\Users\RAM1\Documents\Portal-kehadiran-\dataconnect`
 {"metadata":{"emulator":{"name":"dataconnect"},"message":"E0822 21:58:22.258026    9100 watch.go:40] Failed to load config from \"c:\\\\Users\\\\RAM1\\\\Documents\\\\Portal-kehadiran-\\\\dataconnect\": could not find dataconnect.yaml in `c:\\Users\\RAM1\\Documents\\Portal-kehadiran-\\dataconnect`\n"}}
[debug] [2026-08-22T13:58:32.282Z] E0822 21:58:32.257794    9100 watch.go:40] Failed to load config from "c:\\Users\\RAM1\\Documents\\Portal-kehadiran-\\dataconnect": could not find dataconnect.yaml in `c:\Users\RAM1\Documents\Portal-kehadiran-\dataconnect`
 {"metadata":{"emulator":{"name":"dataconnect"},"message":"E0822 21:58:32.257794    9100 watch.go:40] Failed to load config from \"c:\\\\Users\\\\RAM1\\\\Documents\\\\Portal-kehadiran-\\\\dataconnect\": could not find dataconnect.yaml in `c:\\Users\\RAM1\\Documents\\Portal-kehadiran-\\dataconnect`\n"}}
[debug] [2026-08-22T13:58:42.257Z] E0822 21:58:42.257878    9100 watch.go:40] Failed to load config from "c:\\Users\\RAM1\\Documents\\Portal-kehadiran-\\dataconnect": could not find dataconnect.yaml in `c:\Users\RAM1\Documents\Portal-kehadiran-\dataconnect`
 {"metadata":{"emulator":{"name":"dataconnect"},"message":"E0822 21:58:42.257878    9100 watch.go:40] Failed to load config from \"c:\\\\Users\\\\RAM1\\\\Documents\\\\Portal-kehadiran-\\\\dataconnect\": could not find dataconnect.yaml in `c:\\Users\\RAM1\\Documents\\Portal-kehadiran-\\dataconnect`\n"}}
[debug] [2026-08-22T13:58:52.257Z] E0822 21:58:52.257801    9100 watch.go:116] watchAllDir unable to walk dir `c:\Users\RAM1\Documents\Portal-kehadiran-\dataconnect`: GetFileAttributesEx c:\Users\RAM1\Documents\Portal-kehadiran-\dataconnect: The system cannot find the file specified.
 {"metadata":{"emulator":{"name":"dataconnect"},"message":"E0822 21:58:52.257801    9100 watch.go:116] watchAllDir unable to walk dir `c:\\Users\\RAM1\\Documents\\Portal-kehadiran-\\dataconnect`: GetFileAttributesEx c:\\Users\\RAM1\\Documents\\Portal-kehadiran-\\dataconnect: The system cannot find the file specified.\n"}}
[debug] [2026-08-22T13:58:52.258Z] E0822 21:58:52.257801    9100 watch.go:40] Failed to load config from "c:\\Users\\RAM1\\Documents\\Portal-kehadiran-\\dataconnect": could not find dataconnect.yaml in `c:\Users\RAM1\Documents\Portal-kehadiran-\dataconnect`
 {"metadata":{"emulator":{"name":"dataconnect"},"message":"E0822 21:58:52.257801    9100 watch.go:40] Failed to load config from \"c:\\\\Users\\\\RAM1\\\\Documents\\\\Portal-kehadiran-\\\\dataconnect\": could not find dataconnect.yaml in `c:\\Users\\RAM1\\Documents\\Portal-kehadiran-\\dataconnect`\n"}}
[debug] [2026-08-22T13:59:02.258Z] E0822 21:59:02.258033    9100 watch.go:40] Failed to load config from "c:\\Users\\RAM1\\Documents\\Portal-kehadiran-\\dataconnect": could not find dataconnect.yaml in `c:\Users\RAM1\Documents\Portal-kehadiran-\dataconnect`
 {"metadata":{"emulator":{"name":"dataconnect"},"message":"E0822 21:59:02.258033    9100 watch.go:40] Failed to load config from \"c:\\\\Users\\\\RAM1\\\\Documents\\\\Portal-kehadiran-\\\\dataconnect\": could not find dataconnect.yaml in `c:\\Users\\RAM1\\Documents\\Portal-kehadiran-\\dataconnect`\n"}}
[debug] [2026-08-22T13:59:12.481Z] E0822 21:59:12.257586    9100 watch.go:40] Failed to load config from "c:\\Users\\RAM1\\Documents\\Portal-kehadiran-\\dataconnect": could not find dataconnect.yaml in `c:\Users\RAM1\Documents\Portal-kehadiran-\dataconnect`
 {"metadata":{"emulator":{"name":"dataconnect"},"message":"E0822 21:59:12.257586    9100 watch.go:40] Failed to load config from \"c:\\\\Users\\\\RAM1\\\\Documents\\\\Portal-kehadiran-\\\\dataconnect\": could not find dataconnect.yaml in `c:\\Users\\RAM1\\Documents\\Portal-kehadiran-\\dataconnect`\n"}}
[debug] [2026-08-22T13:59:22.257Z] E0822 21:59:22.257631    9100 watch.go:40] Failed to load config from "c:\\Users\\RAM1\\Documents\\Portal-kehadiran-\\dataconnect": could not find dataconnect.yaml in `c:\Users\RAM1\Documents\Portal-kehadiran-\dataconnect`
 {"metadata":{"emulator":{"name":"dataconnect"},"message":"E0822 21:59:22.257631    9100 watch.go:40] Failed to load config from \"c:\\\\Users\\\\RAM1\\\\Documents\\\\Portal-kehadiran-\\\\dataconnect\": could not find dataconnect.yaml in `c:\\Users\\RAM1\\Documents\\Portal-kehadiran-\\dataconnect`\n"}}
[debug] [2026-08-22T13:59:32.257Z] E0822 21:59:32.257569    9100 watch.go:40] Failed to load config from "c:\\Users\\RAM1\\Documents\\Portal-kehadiran-\\dataconnect": could not find dataconnect.yaml in `c:\Users\RAM1\Documents\Portal-kehadiran-\dataconnect`
 {"metadata":{"emulator":{"name":"dataconnect"},"message":"E0822 21:59:32.257569    9100 watch.go:40] Failed to load config from \"c:\\\\Users\\\\RAM1\\\\Documents\\\\Portal-kehadiran-\\\\dataconnect\": could not find dataconnect.yaml in `c:\\Users\\RAM1\\Documents\\Portal-kehadiran-\\dataconnect`\n"}}
[debug] [2026-08-22T13:59:42.257Z] E0822 21:59:42.257620    9100 watch.go:40] Failed to load config from "c:\\Users\\RAM1\\Documents\\Portal-kehadiran-\\dataconnect": could not find dataconnect.yaml in `c:\Users\RAM1\Documents\Portal-kehadiran-\dataconnect`
 {"metadata":{"emulator":{"name":"dataconnect"},"message":"E0822 21:59:42.257620    9100 watch.go:40] Failed to load config from \"c:\\\\Users\\\\RAM1\\\\Documents\\\\Portal-kehadiran-\\\\dataconnect\": could not find dataconnect.yaml in `c:\\Users\\RAM1\\Documents\\Portal-kehadiran-\\dataconnect`\n"}}
[debug] [2026-08-22T13:59:52.257Z] E0822 21:59:52.257676    9100 watch.go:116] watchAllDir unable to walk dir `c:\Users\RAM1\Documents\Portal-kehadiran-\dataconnect`: GetFileAttributesEx c:\Users\RAM1\Documents\Portal-kehadiran-\dataconnect: The system cannot find the file specified.
E0822 21:59:52.257676    9100 watch.go:40] Failed to load config from "c:\\Users\\RAM1\\Documents\\Portal-kehadiran-\\dataconnect": could not find dataconnect.yaml in `c:\Users\RAM1\Documents\Portal-kehadiran-\dataconnect`
 {"metadata":{"emulator":{"name":"dataconnect"},"message":"E0822 21:59:52.257676    9100 watch.go:116] watchAllDir unable to walk dir `c:\\Users\\RAM1\\Documents\\Portal-kehadiran-\\dataconnect`: GetFileAttributesEx c:\\Users\\RAM1\\Documents\\Portal-kehadiran-\\dataconnect: The system cannot find the file specified.\nE0822 21:59:52.257676    9100 watch.go:40] Failed to load config from \"c:\\\\Users\\\\RAM1\\\\Documents\\\\Portal-kehadiran-\\\\dataconnect\": could not find dataconnect.yaml in `c:\\Users\\RAM1\\Documents\\Portal-kehadiran-\\dataconnect`\n"}}
[debug] [2026-08-22T14:00:02.257Z] E0822 22:00:02.257723    9100 watch.go:40] Failed to load config from "c:\\Users\\RAM1\\Documents\\Portal-kehadiran-\\dataconnect": could not find dataconnect.yaml in `c:\Users\RAM1\Documents\Portal-kehadiran-\dataconnect`
 {"metadata":{"emulator":{"name":"dataconnect"},"message":"E0822 22:00:02.257723    9100 watch.go:40] Failed to load config from \"c:\\\\Users\\\\RAM1\\\\Documents\\\\Portal-kehadiran-\\\\dataconnect\": could not find dataconnect.yaml in `c:\\Users\\RAM1\\Documents\\Portal-kehadiran-\\dataconnect`\n"}}
[debug] [2026-08-22T14:00:12.242Z] E0822 22:00:12.257922    9100 watch.go:40] Failed to load config from "c:\\Users\\RAM1\\Documents\\Portal-kehadiran-\\dataconnect": could not find dataconnect.yaml in `c:\Users\RAM1\Documents\Portal-kehadiran-\dataconnect`
 {"metadata":{"emulator":{"name":"dataconnect"},"message":"E0822 22:00:12.257922    9100 watch.go:40] Failed to load config from \"c:\\\\Users\\\\RAM1\\\\Documents\\\\Portal-kehadiran-\\\\dataconnect\": could not find dataconnect.yaml in `c:\\Users\\RAM1\\Documents\\Portal-kehadiran-\\dataconnect`\n"}}
[debug] [2026-08-22T14:00:22.242Z] E0822 22:00:22.258385    9100 watch.go:40] Failed to load config from "c:\\Users\\RAM1\\Documents\\Portal-kehadiran-\\dataconnect": could not find dataconnect.yaml in `c:\Users\RAM1\Documents\Portal-kehadiran-\dataconnect`
 {"metadata":{"emulator":{"name":"dataconnect"},"message":"E0822 22:00:22.258385    9100 watch.go:40] Failed to load config from \"c:\\\\Users\\\\RAM1\\\\Documents\\\\Portal-kehadiran-\\\\dataconnect\": could not find dataconnect.yaml in `c:\\Users\\RAM1\\Documents\\Portal-kehadiran-\\dataconnect`\n"}}
[debug] [2026-08-22T14:00:32.242Z] E0822 22:00:32.257873    9100 watch.go:40] Failed to load config from "c:\\Users\\RAM1\\Documents\\Portal-kehadiran-\\dataconnect": could not find dataconnect.yaml in `c:\Users\RAM1\Documents\Portal-kehadiran-\dataconnect`
 {"metadata":{"emulator":{"name":"dataconnect"},"message":"E0822 22:00:32.257873    9100 watch.go:40] Failed to load config from \"c:\\\\Users\\\\RAM1\\\\Documents\\\\Portal-kehadiran-\\\\dataconnect\": could not find dataconnect.yaml in `c:\\Users\\RAM1\\Documents\\Portal-kehadiran-\\dataconnect`\n"}}
[debug] [2026-08-22T14:00:42.242Z] E0822 22:00:42.257717    9100 watch.go:40] Failed to load config from "c:\\Users\\RAM1\\Documents\\Portal-kehadiran-\\dataconnect": could not find dataconnect.yaml in `c:\Users\RAM1\Documents\Portal-kehadiran-\dataconnect`
 {"metadata":{"emulator":{"name":"dataconnect"},"message":"E0822 22:00:42.257717    9100 watch.go:40] Failed to load config from \"c:\\\\Users\\\\RAM1\\\\Documents\\\\Portal-kehadiran-\\\\dataconnect\": could not find dataconnect.yaml in `c:\\Users\\RAM1\\Documents\\Portal-kehadiran-\\dataconnect`\n"}}
[debug] [2026-08-22T14:00:52.242Z] E0822 22:00:52.258163    9100 watch.go:116] watchAllDir unable to walk dir `c:\Users\RAM1\Documents\Portal-kehadiran-\dataconnect`: GetFileAttributesEx c:\Users\RAM1\Documents\Portal-kehadiran-\dataconnect: The system cannot find the file specified.
E0822 22:00:52.258163    9100 watch.go:40] Failed to load config from "c:\\Users\\RAM1\\Documents\\Portal-kehadiran-\\dataconnect": could not find dataconnect.yaml in `c:\Users\RAM1\Documents\Portal-kehadiran-\dataconnect`
 {"metadata":{"emulator":{"name":"dataconnect"},"message":"E0822 22:00:52.258163    9100 watch.go:116] watchAllDir unable to walk dir `c:\\Users\\RAM1\\Documents\\Portal-kehadiran-\\dataconnect`: GetFileAttributesEx c:\\Users\\RAM1\\Documents\\Portal-kehadiran-\\dataconnect: The system cannot find the file specified.\nE0822 22:00:52.258163    9100 watch.go:40] Failed to load config from \"c:\\\\Users\\\\RAM1\\\\Documents\\\\Portal-kehadiran-\\\\dataconnect\": could not find dataconnect.yaml in `c:\\Users\\RAM1\\Documents\\Portal-kehadiran-\\dataconnect`\n"}}
[debug] [2026-08-22T14:01:02.242Z] E0822 22:01:02.257947    9100 watch.go:40] Failed to load config from "c:\\Users\\RAM1\\Documents\\Portal-kehadiran-\\dataconnect": could not find dataconnect.yaml in `c:\Users\RAM1\Documents\Portal-kehadiran-\dataconnect`
 {"metadata":{"emulator":{"name":"dataconnect"},"message":"E0822 22:01:02.257947    9100 watch.go:40] Failed to load config from \"c:\\\\Users\\\\RAM1\\\\Documents\\\\Portal-kehadiran-\\\\dataconnect\": could not find dataconnect.yaml in `c:\\Users\\RAM1\\Documents\\Portal-kehadiran-\\dataconnect`\n"}}
[debug] [2026-08-22T14:01:12.258Z] E0822 22:01:12.257549    9100 watch.go:40] Failed to load config from "c:\\Users\\RAM1\\Documents\\Portal-kehadiran-\\dataconnect": could not find dataconnect.yaml in `c:\Users\RAM1\Documents\Portal-kehadiran-\dataconnect`
 {"metadata":{"emulator":{"name":"dataconnect"},"message":"E0822 22:01:12.257549    9100 watch.go:40] Failed to load config from \"c:\\\\Users\\\\RAM1\\\\Documents\\\\Portal-kehadiran-\\\\dataconnect\": could not find dataconnect.yaml in `c:\\Users\\RAM1\\Documents\\Portal-kehadiran-\\dataconnect`\n"}}
[debug] [2026-08-22T14:01:22.258Z] E0822 22:01:22.258495    9100 watch.go:40] Failed to load config from "c:\\Users\\RAM1\\Documents\\Portal-kehadiran-\\dataconnect": could not find dataconnect.yaml in `c:\Users\RAM1\Documents\Portal-kehadiran-\dataconnect`
 {"metadata":{"emulator":{"name":"dataconnect"},"message":"E0822 22:01:22.258495    9100 watch.go:40] Failed to load config from \"c:\\\\Users\\\\RAM1\\\\Documents\\\\Portal-kehadiran-\\\\dataconnect\": could not find dataconnect.yaml in `c:\\Users\\RAM1\\Documents\\Portal-kehadiran-\\dataconnect`\n"}}
[debug] [2026-08-22T14:01:32.258Z] E0822 22:01:32.258135    9100 watch.go:40] Failed to load config from "c:\\Users\\RAM1\\Documents\\Portal-kehadiran-\\dataconnect": could not find dataconnect.yaml in `c:\Users\RAM1\Documents\Portal-kehadiran-\dataconnect`
 {"metadata":{"emulator":{"name":"dataconnect"},"message":"E0822 22:01:32.258135    9100 watch.go:40] Failed to load config from \"c:\\\\Users\\\\RAM1\\\\Documents\\\\Portal-kehadiran-\\\\dataconnect\": could not find dataconnect.yaml in `c:\\Users\\RAM1\\Documents\\Portal-kehadiran-\\dataconnect`\n"}}
[debug] [2026-08-22T14:01:42.258Z] E0822 22:01:42.258048    9100 watch.go:40] Failed to load config from "c:\\Users\\RAM1\\Documents\\Portal-kehadiran-\\dataconnect": could not find dataconnect.yaml in `c:\Users\RAM1\Documents\Portal-kehadiran-\dataconnect`
 {"metadata":{"emulator":{"name":"dataconnect"},"message":"E0822 22:01:42.258048    9100 watch.go:40] Failed to load config from \"c:\\\\Users\\\\RAM1\\\\Documents\\\\Portal-kehadiran-\\\\dataconnect\": could not find dataconnect.yaml in `c:\\Users\\RAM1\\Documents\\Portal-kehadiran-\\dataconnect`\n"}}
[debug] [2026-08-22T14:01:52.257Z] E0822 22:01:52.257511    9100 watch.go:116] watchAllDir unable to walk dir `c:\Users\RAM1\Documents\Portal-kehadiran-\dataconnect`: GetFileAttributesEx c:\Users\RAM1\Documents\Portal-kehadiran-\dataconnect: The system cannot find the file specified.
 {"metadata":{"emulator":{"name":"dataconnect"},"message":"E0822 22:01:52.257511    9100 watch.go:116] watchAllDir unable to walk dir `c:\\Users\\RAM1\\Documents\\Portal-kehadiran-\\dataconnect`: GetFileAttributesEx c:\\Users\\RAM1\\Documents\\Portal-kehadiran-\\dataconnect: The system cannot find the file specified.\n"}}
[debug] [2026-08-22T14:01:52.258Z] E0822 22:01:52.257847    9100 watch.go:40] Failed to load config from "c:\\Users\\RAM1\\Documents\\Portal-kehadiran-\\dataconnect": could not find dataconnect.yaml in `c:\Users\RAM1\Documents\Portal-kehadiran-\dataconnect`
 {"metadata":{"emulator":{"name":"dataconnect"},"message":"E0822 22:01:52.257847    9100 watch.go:40] Failed to load config from \"c:\\\\Users\\\\RAM1\\\\Documents\\\\Portal-kehadiran-\\\\dataconnect\": could not find dataconnect.yaml in `c:\\Users\\RAM1\\Documents\\Portal-kehadiran-\\dataconnect`\n"}}
[debug] [2026-08-22T14:02:02.258Z] E0822 22:02:02.257685    9100 watch.go:40] Failed to load config from "c:\\Users\\RAM1\\Documents\\Portal-kehadiran-\\dataconnect": could not find dataconnect.yaml in `c:\Users\RAM1\Documents\Portal-kehadiran-\dataconnect`
 {"metadata":{"emulator":{"name":"dataconnect"},"message":"E0822 22:02:02.257685    9100 watch.go:40] Failed to load config from \"c:\\\\Users\\\\RAM1\\\\Documents\\\\Portal-kehadiran-\\\\dataconnect\": could not find dataconnect.yaml in `c:\\Users\\RAM1\\Documents\\Portal-kehadiran-\\dataconnect`\n"}}
[debug] [2026-08-22T14:02:12.246Z] E0822 22:02:12.258139    9100 watch.go:40] Failed to load config from "c:\\Users\\RAM1\\Documents\\Portal-kehadiran-\\dataconnect": could not find dataconnect.yaml in `c:\Users\RAM1\Documents\Portal-kehadiran-\dataconnect`
 {"metadata":{"emulator":{"name":"dataconnect"},"message":"E0822 22:02:12.258139    9100 watch.go:40] Failed to load config from \"c:\\\\Users\\\\RAM1\\\\Documents\\\\Portal-kehadiran-\\\\dataconnect\": could not find dataconnect.yaml in `c:\\Users\\RAM1\\Documents\\Portal-kehadiran-\\dataconnect`\n"}}
[debug] [2026-08-22T14:02:22.246Z] E0822 22:02:22.257466    9100 watch.go:40] Failed to load config from "c:\\Users\\RAM1\\Documents\\Portal-kehadiran-\\dataconnect": could not find dataconnect.yaml in `c:\Users\RAM1\Documents\Portal-kehadiran-\dataconnect`
 {"metadata":{"emulator":{"name":"dataconnect"},"message":"E0822 22:02:22.257466    9100 watch.go:40] Failed to load config from \"c:\\\\Users\\\\RAM1\\\\Documents\\\\Portal-kehadiran-\\\\dataconnect\": could not find dataconnect.yaml in `c:\\Users\\RAM1\\Documents\\Portal-kehadiran-\\dataconnect`\n"}}
[debug] [2026-08-22T14:02:32.246Z] E0822 22:02:32.257948    9100 watch.go:40] Failed to load config from "c:\\Users\\RAM1\\Documents\\Portal-kehadiran-\\dataconnect": could not find dataconnect.yaml in `c:\Users\RAM1\Documents\Portal-kehadiran-\dataconnect`
 {"metadata":{"emulator":{"name":"dataconnect"},"message":"E0822 22:02:32.257948    9100 watch.go:40] Failed to load config from \"c:\\\\Users\\\\RAM1\\\\Documents\\\\Portal-kehadiran-\\\\dataconnect\": could not find dataconnect.yaml in `c:\\Users\\RAM1\\Documents\\Portal-kehadiran-\\dataconnect`\n"}}
[debug] [2026-08-22T14:02:42.246Z] E0822 22:02:42.257917    9100 watch.go:40] Failed to load config from "c:\\Users\\RAM1\\Documents\\Portal-kehadiran-\\dataconnect": could not find dataconnect.yaml in `c:\Users\RAM1\Documents\Portal-kehadiran-\dataconnect`
 {"metadata":{"emulator":{"name":"dataconnect"},"message":"E0822 22:02:42.257917    9100 watch.go:40] Failed to load config from \"c:\\\\Users\\\\RAM1\\\\Documents\\\\Portal-kehadiran-\\\\dataconnect\": could not find dataconnect.yaml in `c:\\Users\\RAM1\\Documents\\Portal-kehadiran-\\dataconnect`\n"}}
[debug] [2026-08-22T14:02:52.246Z] E0822 22:02:52.257776    9100 watch.go:116] watchAllDir unable to walk dir `c:\Users\RAM1\Documents\Portal-kehadiran-\dataconnect`: GetFileAttributesEx c:\Users\RAM1\Documents\Portal-kehadiran-\dataconnect: The system cannot find the file specified.
 {"metadata":{"emulator":{"name":"dataconnect"},"message":"E0822 22:02:52.257776    9100 watch.go:116] watchAllDir unable to walk dir `c:\\Users\\RAM1\\Documents\\Portal-kehadiran-\\dataconnect`: GetFileAttributesEx c:\\Users\\RAM1\\Documents\\Portal-kehadiran-\\dataconnect: The system cannot find the file specified.\n"}}
[debug] [2026-08-22T14:02:52.247Z] E0822 22:02:52.257776    9100 watch.go:40] Failed to load config from "c:\\Users\\RAM1\\Documents\\Portal-kehadiran-\\dataconnect": could not find dataconnect.yaml in `c:\Users\RAM1\Documents\Portal-kehadiran-\dataconnect`
 {"metadata":{"emulator":{"name":"dataconnect"},"message":"E0822 22:02:52.257776    9100 watch.go:40] Failed to load config from \"c:\\\\Users\\\\RAM1\\\\Documents\\\\Portal-kehadiran-\\\\dataconnect\": could not find dataconnect.yaml in `c:\\Users\\RAM1\\Documents\\Portal-kehadiran-\\dataconnect`\n"}}
[debug] [2026-08-22T14:03:02.246Z] E0822 22:03:02.257863    9100 watch.go:40] Failed to load config from "c:\\Users\\RAM1\\Documents\\Portal-kehadiran-\\dataconnect": could not find dataconnect.yaml in `c:\Users\RAM1\Documents\Portal-kehadiran-\dataconnect`
 {"metadata":{"emulator":{"name":"dataconnect"},"message":"E0822 22:03:02.257863    9100 watch.go:40] Failed to load config from \"c:\\\\Users\\\\RAM1\\\\Documents\\\\Portal-kehadiran-\\\\dataconnect\": could not find dataconnect.yaml in `c:\\Users\\RAM1\\Documents\\Portal-kehadiran-\\dataconnect`\n"}}
[debug] [2026-08-22T14:03:12.245Z] E0822 22:03:12.257931    9100 watch.go:40] Failed to load config from "c:\\Users\\RAM1\\Documents\\Portal-kehadiran-\\dataconnect": could not find dataconnect.yaml in `c:\Users\RAM1\Documents\Portal-kehadiran-\dataconnect`
 {"metadata":{"emulator":{"name":"dataconnect"},"message":"E0822 22:03:12.257931    9100 watch.go:40] Failed to load config from \"c:\\\\Users\\\\RAM1\\\\Documents\\\\Portal-kehadiran-\\\\dataconnect\": could not find dataconnect.yaml in `c:\\Users\\RAM1\\Documents\\Portal-kehadiran-\\dataconnect`\n"}}
[debug] [2026-08-22T14:03:22.245Z] E0822 22:03:22.257905    9100 watch.go:40] Failed to load config from "c:\\Users\\RAM1\\Documents\\Portal-kehadiran-\\dataconnect": could not find dataconnect.yaml in `c:\Users\RAM1\Documents\Portal-kehadiran-\dataconnect`
 {"metadata":{"emulator":{"name":"dataconnect"},"message":"E0822 22:03:22.257905    9100 watch.go:40] Failed to load config from \"c:\\\\Users\\\\RAM1\\\\Documents\\\\Portal-kehadiran-\\\\dataconnect\": could not find dataconnect.yaml in `c:\\Users\\RAM1\\Documents\\Portal-kehadiran-\\dataconnect`\n"}}
[debug] [2026-08-22T14:03:32.245Z] E0822 22:03:32.257831    9100 watch.go:40] Failed to load config from "c:\\Users\\RAM1\\Documents\\Portal-kehadiran-\\dataconnect": could not find dataconnect.yaml in `c:\Users\RAM1\Documents\Portal-kehadiran-\dataconnect`
 {"metadata":{"emulator":{"name":"dataconnect"},"message":"E0822 22:03:32.257831    9100 watch.go:40] Failed to load config from \"c:\\\\Users\\\\RAM1\\\\Documents\\\\Portal-kehadiran-\\\\dataconnect\": could not find dataconnect.yaml in `c:\\Users\\RAM1\\Documents\\Portal-kehadiran-\\dataconnect`\n"}}
[debug] [2026-08-22T14:03:42.250Z] E0822 22:03:42.258077    9100 watch.go:40] Failed to load config from "c:\\Users\\RAM1\\Documents\\Portal-kehadiran-\\dataconnect": could not find dataconnect.yaml in `c:\Users\RAM1\Documents\Portal-kehadiran-\dataconnect`
 {"metadata":{"emulator":{"name":"dataconnect"},"message":"E0822 22:03:42.258077    9100 watch.go:40] Failed to load config from \"c:\\\\Users\\\\RAM1\\\\Documents\\\\Portal-kehadiran-\\\\dataconnect\": could not find dataconnect.yaml in `c:\\Users\\RAM1\\Documents\\Portal-kehadiran-\\dataconnect`\n"}}
[debug] [2026-08-22T14:03:52.245Z] E0822 22:03:52.257620    9100 watch.go:116] watchAllDir unable to walk dir `c:\Users\RAM1\Documents\Portal-kehadiran-\dataconnect`: GetFileAttributesEx c:\Users\RAM1\Documents\Portal-kehadiran-\dataconnect: The system cannot find the file specified.
 {"metadata":{"emulator":{"name":"dataconnect"},"message":"E0822 22:03:52.257620    9100 watch.go:116] watchAllDir unable to walk dir `c:\\Users\\RAM1\\Documents\\Portal-kehadiran-\\dataconnect`: GetFileAttributesEx c:\\Users\\RAM1\\Documents\\Portal-kehadiran-\\dataconnect: The system cannot find the file specified.\n"}}
[debug] [2026-08-22T14:03:52.246Z] E0822 22:03:52.257620    9100 watch.go:40] Failed to load config from "c:\\Users\\RAM1\\Documents\\Portal-kehadiran-\\dataconnect": could not find dataconnect.yaml in `c:\Users\RAM1\Documents\Portal-kehadiran-\dataconnect`
 {"metadata":{"emulator":{"name":"dataconnect"},"message":"E0822 22:03:52.257620    9100 watch.go:40] Failed to load config from \"c:\\\\Users\\\\RAM1\\\\Documents\\\\Portal-kehadiran-\\\\dataconnect\": could not find dataconnect.yaml in `c:\\Users\\RAM1\\Documents\\Portal-kehadiran-\\dataconnect`\n"}}
[debug] [2026-08-22T14:04:02.246Z] E0822 22:04:02.257909    9100 watch.go:40] Failed to load config from "c:\\Users\\RAM1\\Documents\\Portal-kehadiran-\\dataconnect": could not find dataconnect.yaml in `c:\Users\RAM1\Documents\Portal-kehadiran-\dataconnect`
 {"metadata":{"emulator":{"name":"dataconnect"},"message":"E0822 22:04:02.257909    9100 watch.go:40] Failed to load config from \"c:\\\\Users\\\\RAM1\\\\Documents\\\\Portal-kehadiran-\\\\dataconnect\": could not find dataconnect.yaml in `c:\\Users\\RAM1\\Documents\\Portal-kehadiran-\\dataconnect`\n"}}
[debug] [2026-08-22T14:04:12.246Z] E0822 22:04:12.257590    9100 watch.go:40] Failed to load config from "c:\\Users\\RAM1\\Documents\\Portal-kehadiran-\\dataconnect": could not find dataconnect.yaml in `c:\Users\RAM1\Documents\Portal-kehadiran-\dataconnect`
 {"metadata":{"emulator":{"name":"dataconnect"},"message":"E0822 22:04:12.257590    9100 watch.go:40] Failed to load config from \"c:\\\\Users\\\\RAM1\\\\Documents\\\\Portal-kehadiran-\\\\dataconnect\": could not find dataconnect.yaml in `c:\\Users\\RAM1\\Documents\\Portal-kehadiran-\\dataconnect`\n"}}
[debug] [2026-08-22T14:04:22.246Z] E0822 22:04:22.257963    9100 watch.go:40] Failed to load config from "c:\\Users\\RAM1\\Documents\\Portal-kehadiran-\\dataconnect": could not find dataconnect.yaml in `c:\Users\RAM1\Documents\Portal-kehadiran-\dataconnect`
 {"metadata":{"emulator":{"name":"dataconnect"},"message":"E0822 22:04:22.257963    9100 watch.go:40] Failed to load config from \"c:\\\\Users\\\\RAM1\\\\Documents\\\\Portal-kehadiran-\\\\dataconnect\": could not find dataconnect.yaml in `c:\\Users\\RAM1\\Documents\\Portal-kehadiran-\\dataconnect`\n"}}
[debug] [2026-08-22T14:04:32.246Z] E0822 22:04:32.258124    9100 watch.go:40] Failed to load config from "c:\\Users\\RAM1\\Documents\\Portal-kehadiran-\\dataconnect": could not find dataconnect.yaml in `c:\Users\RAM1\Documents\Portal-kehadiran-\dataconnect`
 {"metadata":{"emulator":{"name":"dataconnect"},"message":"E0822 22:04:32.258124    9100 watch.go:40] Failed to load config from \"c:\\\\Users\\\\RAM1\\\\Documents\\\\Portal-kehadiran-\\\\dataconnect\": could not find dataconnect.yaml in `c:\\Users\\RAM1\\Documents\\Portal-kehadiran-\\dataconnect`\n"}}
[debug] [2026-08-22T14:04:42.248Z] E0822 22:04:42.259418    9100 watch.go:40] Failed to load config from "c:\\Users\\RAM1\\Documents\\Portal-kehadiran-\\dataconnect": could not find dataconnect.yaml in `c:\Users\RAM1\Documents\Portal-kehadiran-\dataconnect`
 {"metadata":{"emulator":{"name":"dataconnect"},"message":"E0822 22:04:42.259418    9100 watch.go:40] Failed to load config from \"c:\\\\Users\\\\RAM1\\\\Documents\\\\Portal-kehadiran-\\\\dataconnect\": could not find dataconnect.yaml in `c:\\Users\\RAM1\\Documents\\Portal-kehadiran-\\dataconnect`\n"}}
[debug] [2026-08-22T14:04:52.246Z] E0822 22:04:52.257633    9100 watch.go:116] watchAllDir unable to walk dir `c:\Users\RAM1\Documents\Portal-kehadiran-\dataconnect`: GetFileAttributesEx c:\Users\RAM1\Documents\Portal-kehadiran-\dataconnect: The system cannot find the file specified.
E0822 22:04:52.257633    9100 watch.go:40] Failed to load config from "c:\\Users\\RAM1\\Documents\\Portal-kehadiran-\\dataconnect": could not find dataconnect.yaml in `c:\Users\RAM1\Documents\Portal-kehadiran-\dataconnect`
 {"metadata":{"emulator":{"name":"dataconnect"},"message":"E0822 22:04:52.257633    9100 watch.go:116] watchAllDir unable to walk dir `c:\\Users\\RAM1\\Documents\\Portal-kehadiran-\\dataconnect`: GetFileAttributesEx c:\\Users\\RAM1\\Documents\\Portal-kehadiran-\\dataconnect: The system cannot find the file specified.\nE0822 22:04:52.257633    9100 watch.go:40] Failed to load config from \"c:\\\\Users\\\\RAM1\\\\Documents\\\\Portal-kehadiran-\\\\dataconnect\": could not find dataconnect.yaml in `c:\\Users\\RAM1\\Documents\\Portal-kehadiran-\\dataconnect`\n"}}
[debug] [2026-08-22T14:05:02.247Z] E0822 22:05:02.257964    9100 watch.go:40] Failed to load config from "c:\\Users\\RAM1\\Documents\\Portal-kehadiran-\\dataconnect": could not find dataconnect.yaml in `c:\Users\RAM1\Documents\Portal-kehadiran-\dataconnect`
 {"metadata":{"emulator":{"name":"dataconnect"},"message":"E0822 22:05:02.257964    9100 watch.go:40] Failed to load config from \"c:\\\\Users\\\\RAM1\\\\Documents\\\\Portal-kehadiran-\\\\dataconnect\": could not find dataconnect.yaml in `c:\\Users\\RAM1\\Documents\\Portal-kehadiran-\\dataconnect`\n"}}
[debug] [2026-08-22T14:05:12.247Z] E0822 22:05:12.257917    9100 watch.go:40] Failed to load config from "c:\\Users\\RAM1\\Documents\\Portal-kehadiran-\\dataconnect": could not find dataconnect.yaml in `c:\Users\RAM1\Documents\Portal-kehadiran-\dataconnect`
 {"metadata":{"emulator":{"name":"dataconnect"},"message":"E0822 22:05:12.257917    9100 watch.go:40] Failed to load config from \"c:\\\\Users\\\\RAM1\\\\Documents\\\\Portal-kehadiran-\\\\dataconnect\": could not find dataconnect.yaml in `c:\\Users\\RAM1\\Documents\\Portal-kehadiran-\\dataconnect`\n"}}
[debug] [2026-08-22T14:05:22.247Z] E0822 22:05:22.257534    9100 watch.go:40] Failed to load config from "c:\\Users\\RAM1\\Documents\\Portal-kehadiran-\\dataconnect": could not find dataconnect.yaml in `c:\Users\RAM1\Documents\Portal-kehadiran-\dataconnect`
 {"metadata":{"emulator":{"name":"dataconnect"},"message":"E0822 22:05:22.257534    9100 watch.go:40] Failed to load config from \"c:\\\\Users\\\\RAM1\\\\Documents\\\\Portal-kehadiran-\\\\dataconnect\": could not find dataconnect.yaml in `c:\\Users\\RAM1\\Documents\\Portal-kehadiran-\\dataconnect`\n"}}
[debug] [2026-08-22T14:05:32.247Z] E0822 22:05:32.257309    9100 watch.go:40] Failed to load config from "c:\\Users\\RAM1\\Documents\\Portal-kehadiran-\\dataconnect": could not find dataconnect.yaml in `c:\Users\RAM1\Documents\Portal-kehadiran-\dataconnect`
 {"metadata":{"emulator":{"name":"dataconnect"},"message":"E0822 22:05:32.257309    9100 watch.go:40] Failed to load config from \"c:\\\\Users\\\\RAM1\\\\Documents\\\\Portal-kehadiran-\\\\dataconnect\": could not find dataconnect.yaml in `c:\\Users\\RAM1\\Documents\\Portal-kehadiran-\\dataconnect`\n"}}
[debug] [2026-08-22T14:05:42.247Z] E0822 22:05:42.257461    9100 watch.go:40] Failed to load config from "c:\\Users\\RAM1\\Documents\\Portal-kehadiran-\\dataconnect": could not find dataconnect.yaml in `c:\Users\RAM1\Documents\Portal-kehadiran-\dataconnect`
 {"metadata":{"emulator":{"name":"dataconnect"},"message":"E0822 22:05:42.257461    9100 watch.go:40] Failed to load config from \"c:\\\\Users\\\\RAM1\\\\Documents\\\\Portal-kehadiran-\\\\dataconnect\": could not find dataconnect.yaml in `c:\\Users\\RAM1\\Documents\\Portal-kehadiran-\\dataconnect`\n"}}
